Archive member included to satisfy reference by file (symbol)

c:/program files/microchip/xc8/v2.36/avr/bin/../lib/gcc/avr/5.4.0/../../../../avr/lib/avr5/memx-const\libm.a(addsf3.o)
                              LCD/LCD.o (__subsf3)
c:/program files/microchip/xc8/v2.36/avr/bin/../lib/gcc/avr/5.4.0/../../../../avr/lib/avr5/memx-const\libm.a(addsf3x.o)
                              c:/program files/microchip/xc8/v2.36/avr/bin/../lib/gcc/avr/5.4.0/../../../../avr/lib/avr5/memx-const\libm.a(addsf3.o) (__addsf3x)
c:/program files/microchip/xc8/v2.36/avr/bin/../lib/gcc/avr/5.4.0/../../../../avr/lib/avr5/memx-const\libm.a(cmpsf2.o)
                              LCD/LCD.o (__ltsf2)
c:/program files/microchip/xc8/v2.36/avr/bin/../lib/gcc/avr/5.4.0/../../../../avr/lib/avr5/memx-const\libm.a(divsf3.o)
                              MPU6050/MPU6050.o (__divsf3)
c:/program files/microchip/xc8/v2.36/avr/bin/../lib/gcc/avr/5.4.0/../../../../avr/lib/avr5/memx-const\libm.a(divsf3x.o)
                              c:/program files/microchip/xc8/v2.36/avr/bin/../lib/gcc/avr/5.4.0/../../../../avr/lib/avr5/memx-const\libm.a(divsf3.o) (__divsf3x)
c:/program files/microchip/xc8/v2.36/avr/bin/../lib/gcc/avr/5.4.0/../../../../avr/lib/avr5/memx-const\libm.a(fixsfsi.o)
                              LCD/LCD.o (__fixsfsi)
c:/program files/microchip/xc8/v2.36/avr/bin/../lib/gcc/avr/5.4.0/../../../../avr/lib/avr5/memx-const\libm.a(fixunssfsi.o)
                              MPU6050/MPU6050.o (__fixunssfsi)
c:/program files/microchip/xc8/v2.36/avr/bin/../lib/gcc/avr/5.4.0/../../../../avr/lib/avr5/memx-const\libm.a(floatsisf.o)
                              main.o (__floatunsisf)
c:/program files/microchip/xc8/v2.36/avr/bin/../lib/gcc/avr/5.4.0/../../../../avr/lib/avr5/memx-const\libm.a(fp_cmp.o)
                              c:/program files/microchip/xc8/v2.36/avr/bin/../lib/gcc/avr/5.4.0/../../../../avr/lib/avr5/memx-const\libm.a(cmpsf2.o) (__fp_cmp)
c:/program files/microchip/xc8/v2.36/avr/bin/../lib/gcc/avr/5.4.0/../../../../avr/lib/avr5/memx-const\libm.a(fp_inf.o)
                              c:/program files/microchip/xc8/v2.36/avr/bin/../lib/gcc/avr/5.4.0/../../../../avr/lib/avr5/memx-const\libm.a(addsf3x.o) (__fp_inf)
c:/program files/microchip/xc8/v2.36/avr/bin/../lib/gcc/avr/5.4.0/../../../../avr/lib/avr5/memx-const\libm.a(fp_nan.o)
                              c:/program files/microchip/xc8/v2.36/avr/bin/../lib/gcc/avr/5.4.0/../../../../avr/lib/avr5/memx-const\libm.a(addsf3x.o) (__fp_nan)
c:/program files/microchip/xc8/v2.36/avr/bin/../lib/gcc/avr/5.4.0/../../../../avr/lib/avr5/memx-const\libm.a(fp_pscA.o)
                              c:/program files/microchip/xc8/v2.36/avr/bin/../lib/gcc/avr/5.4.0/../../../../avr/lib/avr5/memx-const\libm.a(addsf3x.o) (__fp_pscA)
c:/program files/microchip/xc8/v2.36/avr/bin/../lib/gcc/avr/5.4.0/../../../../avr/lib/avr5/memx-const\libm.a(fp_pscB.o)
                              c:/program files/microchip/xc8/v2.36/avr/bin/../lib/gcc/avr/5.4.0/../../../../avr/lib/avr5/memx-const\libm.a(addsf3x.o) (__fp_pscB)
c:/program files/microchip/xc8/v2.36/avr/bin/../lib/gcc/avr/5.4.0/../../../../avr/lib/avr5/memx-const\libm.a(fp_round.o)
                              c:/program files/microchip/xc8/v2.36/avr/bin/../lib/gcc/avr/5.4.0/../../../../avr/lib/avr5/memx-const\libm.a(addsf3.o) (__fp_round)
c:/program files/microchip/xc8/v2.36/avr/bin/../lib/gcc/avr/5.4.0/../../../../avr/lib/avr5/memx-const\libm.a(fp_split3.o)
                              c:/program files/microchip/xc8/v2.36/avr/bin/../lib/gcc/avr/5.4.0/../../../../avr/lib/avr5/memx-const\libm.a(addsf3x.o) (__fp_split3)
c:/program files/microchip/xc8/v2.36/avr/bin/../lib/gcc/avr/5.4.0/../../../../avr/lib/avr5/memx-const\libm.a(fp_zero.o)
                              c:/program files/microchip/xc8/v2.36/avr/bin/../lib/gcc/avr/5.4.0/../../../../avr/lib/avr5/memx-const\libm.a(addsf3x.o) (__fp_zero)
c:/program files/microchip/xc8/v2.36/avr/bin/../lib/gcc/avr/5.4.0/../../../../avr/lib/avr5/memx-const\libm.a(mulsf3.o)
                              LCD/LCD.o (__mulsf3)
c:/program files/microchip/xc8/v2.36/avr/bin/../lib/gcc/avr/5.4.0/../../../../avr/lib/avr5/memx-const\libm.a(mulsf3x.o)
                              c:/program files/microchip/xc8/v2.36/avr/bin/../lib/gcc/avr/5.4.0/../../../../avr/lib/avr5/memx-const\libm.a(mulsf3.o) (__mulsf3x)
c:/program files/microchip/xc8/v2.36/avr/bin/../lib/gcc/avr/5.4.0/avr5/memx-const\libgcc.a(_divmodhi4.o)
                              LCD/LCD.o (__divmodhi4)
c:/program files/microchip/xc8/v2.36/avr/bin/../lib/gcc/avr/5.4.0/avr5/memx-const\libgcc.a(_udivmodsi4.o)
                              I2C/I2C.o (__udivmodsi4)
c:/program files/microchip/xc8/v2.36/avr/bin/../lib/gcc/avr/5.4.0/avr5/memx-const\libgcc.a(_copy_data.o)
                              LCD/IO_Settings/IO_Settings.o (__do_copy_data)
c:/program files/microchip/xc8/v2.36/avr/bin/../lib/gcc/avr/5.4.0/avr5/memx-const\libgcc.a(_udivmodhi4.o)
[...]
Memory Configuration

Name             Origin             Length             Attributes
text             0x0000000000000000 0x0000000000008000 xr
data             0x0000000000800100 0x0000000000000800 rw !x
eeprom           0x0000000000810000 0x0000000000000400 rw !x
fuse             0x0000000000820000 0x0000000000000003 rw !x
lock             0x0000000000830000 0x0000000000000400 rw !x
signature        0x0000000000840000 0x0000000000000400 rw !x
user_signatures  0x0000000000850000 0x0000000000000400 rw !x
*default*        0x0000000000000000 0xffffffffffffffff

Linker script and memory map

Address of section .data set to 0x800100
LOAD C:/Program Files (x86)/Atmel/Studio/7.0/Packs/atmel/ATmega_DFP/1.7.374/xc8/avr/lib/avr5/memx-const/crtatmega328p.o
LOAD I2C/I2C.o
LOAD LCD/IO_Settings/IO_Settings.o
LOAD LCD/LCD.o
LOAD main.o
LOAD MPU6050/MPU6050.o
LOAD UART/UART.o
START GROUP
LOAD c:/program files/microchip/xc8/v2.36/avr/bin/../lib/gcc/avr/5.4.0/../../../../avr/lib/avr5/memx-const\libm.a
END GROUP
START GROUP
LOAD c:/program files/microchip/xc8/v2.36/avr/bin/../lib/gcc/avr/5.4.0/avr5/memx-const\libgcc.a
LOAD c:/program files/microchip/xc8/v2.36/avr/bin/../lib/gcc/avr/5.4.0/../../../../avr/lib/avr5/memx-const\libm.a
LOAD c:/program files/microchip/xc8/v2.36/avr/bin/../lib/gcc/avr/5.4.0/../../../../avr/lib/avr5/memx-const\libc.a
LOAD C:/Program Files (x86)/Atmel/Studio/7.0/Packs/atmel/ATmega_DFP/1.7.374/xc8/avr/lib/avr5/memx-const\libatmega328p.a
END GROUP
                0x0000000000000000                __TEXT_REGION_ORIGIN__ = DEFINED (__TEXT_REGION_ORIGIN__)?__TEXT_REGION_ORIGIN__:0x0
                [0x0000000000800100]                __DATA_REGION_ORIGIN__ = DEFINED (__DATA_REGION_ORIGIN__)?__DATA_REGION_ORIGIN__:0x800060
                [0x0000000000008000]                __TEXT_REGION_LENGTH__ = DEFINED (__TEXT_REGION_LENGTH__)?__TEXT_REGION_LENGTH__:0x20000
                [0x0000000000000800]                __DATA_REGION_LENGTH__ = DEFINED (__DATA_REGION_LENGTH__)?__DATA_REGION_LENGTH__:0xffa0
                [0x0000000000000400]                __EEPROM_REGION_LENGTH__ = DEFINED (__EEPROM_REGION_LENGTH__)?__EEPROM_REGION_LENGTH__:0x10000
                [0x0000000000000003]                __FUSE_REGION_LENGTH__ = DEFINED (__FUSE_REGION_LENGTH__)?__FUSE_REGION_LENGTH__:0x400
                0x0000000000000400                __LOCK_REGION_LENGTH__ = DEFINED (__LOCK_REGION_LENGTH__)?__LOCK_REGION_LENGTH__:0x400
                0x0000000000000400                __SIGNATURE_REGION_LENGTH__ = DEFINED (__SIGNATURE_REGION_LENGTH__)?__SIGNATURE_REGION_LENGTH__:0x400
                0x0000000000000400                __USER_SIGNATURE_REGION_LENGTH__ = DEFINED (__USER_SIGNATURE_REGION_LENGTH__)?__USER_SIGNATURE_REGION_LENGTH__:0x400

.hash
 *(.hash)

.dynsym
 *(.dynsym)

.dynstr
 *(.dynstr)

.gnu.version
 *(.gnu.version)

.gnu.version_d
 *(.gnu.version_d)

.gnu.version_r
 *(.gnu.version_r)

.rel.init
 *(.rel.init)

.rela.init
 *(.rela.init)

.rel.text
 *(.rel.text)
 *(.rel.text.*)
 *(.rel.gnu.linkonce.t*)

.rela.text
 *(.rela.text)
 *(.rela.text.*)
 *(.rela.gnu.linkonce.t*)

.rel.fini
 *(.rel.fini)

.rela.fini
 *(.rela.fini)

.rel.rodata
 *(.rel.rodata)
 *(.rel.rodata.*)
 *(.rel.gnu.linkonce.r*)

.rela.rodata
 *(.rela.rodata)
 *(.rela.rodata.*)
 *(.rela.gnu.linkonce.r*)

.rel.data
 *(.rel.data)
 *(.rel.data.*)
 *(.rel.gnu.linkonce.d*)

.rela.data
 *(.rela.data)
 *(.rela.data.*)
 *(.rela.gnu.linkonce.d*)

.rel.ctors
 *(.rel.ctors)

.rela.ctors
 *(.rela.ctors)

.rel.dtors
 *(.rel.dtors)

.rela.dtors
 *(.rela.dtors)

.rel.got
 *(.rel.got)

.rela.got
 *(.rela.got)

.rel.bss
 *(.rel.bss)

.rela.bss
 *(.rela.bss)

.rel.plt
 *(.rel.plt)

.rela.plt
 *(.rela.plt)

.text           0x0000000000000000       0xec
 *(.vectors)
 .vectors       0x0000000000000000       0x68 C:/Program Files (x86)/Atmel/Studio/7.0/Packs/atmel/ATmega_DFP/1.7.374/xc8/avr/lib/avr5/memx-const/crtatmega328p.o
                0x0000000000000000                __vector_default
                0x0000000000000000                __vectors
 *(.vectors)
 *(.progmem.gcc*)
 *(.dinit)
 .dinit         0x0000000000000068       0x30 data_init
                0x0000000000000098                . = ALIGN (0x2)
                0x0000000000000098                __trampolines_start = .
 *(.trampolines)
 .trampolines   0x0000000000000098        0x0 linker stubs
 *(.trampolines*)
                0x0000000000000098                __trampolines_end = .
 *libprintf_flt.a:*(.progmem.data)
 *libc.a:*(.progmem.data)
                0x0000000000000098                . = ALIGN (0x2)
 *(.jumptables)
 *(.jumptables*)
 *(.lowtext)
 *(.lowtext*)
                0x0000000000000098                __ctors_start = .
 *(.ctors)
                0x0000000000000098                __ctors_end = .
                0x0000000000000098                __dtors_start = .
 *(.dtors)
                0x0000000000000098                __dtors_end = .
 SORT(*)(.ctors)
 SORT(*)(.dtors)
 *(.init0)
 .init0         0x0000000000000098        0x0 C:/Program Files (x86)/Atmel/Studio/7.0/Packs/atmel/ATmega_DFP/1.7.374/xc8/avr/lib/avr5/memx-const/crtatmega328p.o
                0x0000000000000098                __init
 *(.init0)
 *(.init1)
 *(.init1)
 *(.init2)
 .init2         0x0000000000000098        0xc C:/Program Files (x86)/Atmel/Studio/7.0/Packs/atmel/ATmega_DFP/1.7.374/xc8/avr/lib/avr5/memx-const/crtatmega328p.o
 *(.init2)
 *(.init3)
 *(.init3)
 *(.init4)
 .init4         0x00000000000000a4       0x3c c:/program files/microchip/xc8/v2.36/avr/bin/../lib/gcc/avr/5.4.0/avr5/memx-const\libgcc.a(_copy_data.o)
                0x00000000000000a4                __do_copy_data
                0x00000000000000d2                __do_clear_bss
 *(.init4)
 *(.init5)
 *(.init5)
 *(.init6)
 *(.init6)
 *(.init7)
 *(.init7)
 *(.init8)
 *(.init8)
 *(.init9)
 .init9         0x00000000000000e0        0x8 C:/Program Files (x86)/Atmel/Studio/7.0/Packs/atmel/ATmega_DFP/1.7.374/xc8/avr/lib/avr5/memx-const/crtatmega328p.o
 *(.init9)
                0x00000000000000e8                . = ALIGN (0x2)
 *(.fini9)
 .fini9         0x00000000000000e8        0x0 c:/program files/microchip/xc8/v2.36/avr/bin/../lib/gcc/avr/5.4.0/avr5/memx-const\libgcc.a(_exit.o)
                0x00000000000000e8                _exit
 *(.fini9)
 *(.fini8)
 *(.fini8)
 *(.fini7)
 *(.fini7)
 *(.fini6)
 *(.fini6)
 *(.fini5)
 *(.fini5)
 *(.fini4)
 *(.fini4)
 *(.fini3)
 *(.fini3)
 *(.fini2)
 *(.fini2)
 *(.fini1)
 *(.fini1)
 *(.fini0)
 .fini0         0x00000000000000e8        0x4 c:/program files/microchip/xc8/v2.36/avr/bin/../lib/gcc/avr/5.4.0/avr5/memx-const\libgcc.a(_exit.o)
 *(.fini0)
                0x00000000000000ec                _etext = .

.data           0x0000000000800100        0x0 load address 0x00000000000000ec
                [!provide]                        PROVIDE (__data_start, .)
 *(.gnu.linkonce.d*)
 *(.gnu.linkonce.r*)
                0x0000000000800100                . = ALIGN (0x2)
                0x0000000000800100                _edata = .
                [!provide]                        PROVIDE (__data_end, .)

.bss            0x0000000000800100      0x114
                [!provide]                        PROVIDE (__bss_start, .)
 *(COMMON)
 COMMON         0x0000000000800100       0x1e LCD/LCD.o
                0x0000000000800100                required_pins
 COMMON         0x000000000080011e       0xf4 main.o
                0x000000000080011e                control
                0x000000000080011f                send_info
                0x0000000000800183                temp2
                0x0000000000800185                cadenaADC
                0x00000000008001a5                temp
                0x0000000000800209                bufferUART
                0x0000000000800211                bufferRX
 COMMON         0x0000000000800212        0x2 c:/program files/microchip/xc8/v2.36/avr/bin/../lib/gcc/avr/5.4.0/../../../../avr/lib/avr5/memx-const\libc.a(errno.o)
                0x0000000000800212                __errno_val
                [!provide]                        PROVIDE (__bss_end, .)
                0x00000000000000ec                __data_load_start = LOADADDR (.data)
                0x00000000000000ec                __data_load_end = (__data_load_start + SIZEOF (.data))

.noinit         0x0000000000800214        0x0
                [!provide]                        PROVIDE (__noinit_start, .)
 *(.noinit*)
                [!provide]                        PROVIDE (__noinit_end, .)
                0x0000000000800214                _end = .

.eeprom         0x0000000000810000        0x0
 *(.eeprom*)
                0x0000000000810000                __eeprom_end = .

.fuse
 *(.fuse)
 *(.lfuse)
 *(.hfuse)
 *(.efuse)

.lock
 *(.lock*)

.signature
 *(.signature*)

.user_signatures
 *(.user_signatures*)

.stab
 *(.stab)

.stabstr
 *(.stabstr)

.stab.excl
 *(.stab.excl)

.stab.exclstr
 *(.stab.exclstr)

.stab.index
 *(.stab.index)

.stab.indexstr
 *(.stab.indexstr)

.comment        0x0000000000000000       0x2f
 *(.comment)
 .comment       0x0000000000000000       0x2f I2C/I2C.o
                                         0x30 (size before relaxing)
 .comment       0x000000000000002f       0x30 LCD/IO_Settings/IO_Settings.o
 .comment       0x000000000000002f       0x30 LCD/LCD.o
 .comment       0x000000000000002f       0x30 main.o
 .comment       0x000000000000002f       0x30 MPU6050/MPU6050.o
 .comment       0x000000000000002f       0x30 UART/UART.o
 .comment       0x000000000000002f       0x30 c:/program files/microchip/xc8/v2.36/avr/bin/../lib/gcc/avr/5.4.0/../../../../avr/lib/avr5/memx-const\libc.a(exit.o)
 .comment       0x000000000000002f       0x30 c:/program files/microchip/xc8/v2.36/avr/bin/../lib/gcc/avr/5.4.0/../../../../avr/lib/avr5/memx-const\libc.a(__sio_sprintf_doux.o)
 .comment       0x000000000000002f       0x30 c:/program files/microchip/xc8/v2.36/avr/bin/../lib/gcc/avr/5.4.0/../../../../avr/lib/avr5/memx-const\libc.a(__sio_sscanf_doux.o)
 .comment       0x000000000000002f       0x30 c:/program files/microchip/xc8/v2.36/avr/bin/../lib/gcc/avr/5.4.0/../../../../avr/lib/avr5/memx-const\libc.a(__fmt_s.o)
 .comment       0x000000000000002f       0x30 c:/program files/microchip/xc8/v2.36/avr/bin/../lib/gcc/avr/5.4.0/../../../../avr/lib/avr5/memx-const\libc.a(__printf_core.o)
 .comment       0x000000000000002f       0x30 c:/program files/microchip/xc8/v2.36/avr/bin/../lib/gcc/avr/5.4.0/../../../../avr/lib/avr5/memx-const\libc.a(__scan_d.o)
 .comment       0x000000000000002f       0x30 c:/program files/microchip/xc8/v2.36/avr/bin/../lib/gcc/avr/5.4.0/../../../../avr/lib/avr5/memx-const\libc.a(__scan_i.o)
 .comment       0x000000000000002f       0x30 c:/program files/microchip/xc8/v2.36/avr/bin/../lib/gcc/avr/5.4.0/../../../../avr/lib/avr5/memx-const\libc.a(__scan_o.o)
 .comment       0x000000000000002f       0x30 c:/program files/microchip/xc8/v2.36/avr/bin/../lib/gcc/avr/5.4.0/../../../../avr/lib/avr5/memx-const\libc.a(__scan_s.o)
 .comment       0x000000000000002f       0x30 c:/program files/microchip/xc8/v2.36/avr/bin/../lib/gcc/avr/5.4.0/../../../../avr/lib/avr5/memx-const\libc.a(__scan_u.o)
 .comment       0x000000000000002f       0x30 c:/program files/microchip/xc8/v2.36/avr/bin/../lib/gcc/avr/5.4.0/../../../../avr/lib/avr5/memx-const\libc.a(__scan_x.o)
 .comment       0x000000000000002f       0x30 c:/program files/microchip/xc8/v2.36/avr/bin/../lib/gcc/avr/5.4.0/../../../../avr/lib/avr5/memx-const\libc.a(__scanf_core.o)
 .comment       0x000000000000002f       0x30 c:/program files/microchip/xc8/v2.36/avr/bin/../lib/gcc/avr/5.4.0/../../../../avr/lib/avr5/memx-const\libc.a(fgetc.o)
 .comment       0x000000000000002f       0x30 c:/program files/microchip/xc8/v2.36/avr/bin/../lib/gcc/avr/5.4.0/../../../../avr/lib/avr5/memx-const\libc.a(fputc.o)
 .comment       0x000000000000002f       0x30 c:/program files/microchip/xc8/v2.36/avr/bin/../lib/gcc/avr/5.4.0/../../../../avr/lib/avr5/memx-const\libc.a(__fmt_d.o)
 .comment       0x000000000000002f       0x30 c:/program files/microchip/xc8/v2.36/avr/bin/../lib/gcc/avr/5.4.0/../../../../avr/lib/avr5/memx-const\libc.a(__fmt_o.o)
 .comment       0x000000000000002f       0x30 c:/program files/microchip/xc8/v2.36/avr/bin/../lib/gcc/avr/5.4.0/../../../../avr/lib/avr5/memx-const\libc.a(__fmt_u.o)
 .comment       0x000000000000002f       0x30 c:/program files/microchip/xc8/v2.36/avr/bin/../lib/gcc/avr/5.4.0/../../../../avr/lib/avr5/memx-const\libc.a(__fmt_x.o)
 .comment       0x000000000000002f       0x30 c:/program files/microchip/xc8/v2.36/avr/bin/../lib/gcc/avr/5.4.0/../../../../avr/lib/avr5/memx-const\libc.a(__pop_float.o)
 .comment       0x000000000000002f       0x30 c:/program files/microchip/xc8/v2.36/avr/bin/../lib/gcc/avr/5.4.0/../../../../avr/lib/avr5/memx-const\libc.a(__pop_int.o)
 .comment       0x000000000000002f       0x30 c:/program files/microchip/xc8/v2.36/avr/bin/../lib/gcc/avr/5.4.0/../../../../avr/lib/avr5/memx-const\libc.a(__pop_ptr.o)
 .comment       0x000000000000002f       0x30 c:/program files/microchip/xc8/v2.36/avr/bin/../lib/gcc/avr/5.4.0/../../../../avr/lib/avr5/memx-const\libc.a(__push_float.o)
 .comment       0x000000000000002f       0x30 c:/program files/microchip/xc8/v2.36/avr/bin/../lib/gcc/avr/5.4.0/../../../../avr/lib/avr5/memx-const\libc.a(__push_int.o)
 .comment       0x000000000000002f       0x30 c:/program files/microchip/xc8/v2.36/avr/bin/../lib/gcc/avr/5.4.0/../../../../avr/lib/avr5/memx-const\libc.a(atoi.o)
 .comment       0x000000000000002f       0x30 c:/program files/microchip/xc8/v2.36/avr/bin/../lib/gcc/avr/5.4.0/../../../../avr/lib/avr5/memx-const\libc.a(strtoll.o)
 .comment       0x000000000000002f       0x30 c:/program files/microchip/xc8/v2.36/avr/bin/../lib/gcc/avr/5.4.0/../../../../avr/lib/avr5/memx-const\libc.a(strtoull.o)
 .comment       0x000000000000002f       0x30 c:/program files/microchip/xc8/v2.36/avr/bin/../lib/gcc/avr/5.4.0/../../../../avr/lib/avr5/memx-const\libc.a(memcpy.o)
 .comment       0x000000000000002f       0x30 c:/program files/microchip/xc8/v2.36/avr/bin/../lib/gcc/avr/5.4.0/../../../../avr/lib/avr5/memx-const\libc.a(memset.o)
 .comment       0x000000000000002f       0x30 c:/program files/microchip/xc8/v2.36/avr/bin/../lib/gcc/avr/5.4.0/../../../../avr/lib/avr5/memx-const\libc.a(strlen.o)
 .comment       0x000000000000002f       0x30 c:/program files/microchip/xc8/v2.36/avr/bin/../lib/gcc/avr/5.4.0/../../../../avr/lib/avr5/memx-const\libc.a(isxdigit.o)
 .comment       0x000000000000002f       0x30 c:/program files/microchip/xc8/v2.36/avr/bin/../lib/gcc/avr/5.4.0/../../../../avr/lib/avr5/memx-const\libc.a(tolower.o)
 .comment       0x000000000000002f       0x30 c:/program files/microchip/xc8/v2.36/avr/bin/../lib/gcc/avr/5.4.0/../../../../avr/lib/avr5/memx-const\libc.a(toupper.o)
 .comment       0x000000000000002f       0x30 c:/program files/microchip/xc8/v2.36/avr/bin/../lib/gcc/avr/5.4.0/../../../../avr/lib/avr5/memx-const\libc.a(errno.o)
 .comment       0x000000000000002f       0x30 c:/program files/microchip/xc8/v2.36/avr/bin/../lib/gcc/avr/5.4.0/../../../../avr/lib/avr5/memx-const\libc.a(_Exit.o)
 .comment       0x000000000000002f       0x30 c:/program files/microchip/xc8/v2.36/avr/bin/../lib/gcc/avr/5.4.0/../../../../avr/lib/avr5/memx-const\libc.a(__int_vfscanf.o)
 .comment       0x000000000000002f       0x30 c:/program files/microchip/xc8/v2.36/avr/bin/../lib/gcc/avr/5.4.0/../../../../avr/lib/avr5/memx-const\libc.a(__int_vsprintf.o)
 .comment       0x000000000000002f       0x30 c:/program files/microchip/xc8/v2.36/avr/bin/../lib/gcc/avr/5.4.0/../../../../avr/lib/avr5/memx-const\libc.a(__int_vsnprintf.o)
 .comment       0x000000000000002f       0x30 c:/program files/microchip/xc8/v2.36/avr/bin/../lib/gcc/avr/5.4.0/../../../../avr/lib/avr5/memx-const\libc.a(__strtoxll.o)
 .comment       0x000000000000002f       0x30 c:/program files/microchip/xc8/v2.36/avr/bin/../lib/gcc/avr/5.4.0/../../../../avr/lib/avr5/memx-const\libc.a(isalnum.o)
 .comment       0x000000000000002f       0x30 c:/program files/microchip/xc8/v2.36/avr/bin/../lib/gcc/avr/5.4.0/../../../../avr/lib/avr5/memx-const\libc.a(__int_vfprintf.o)

.stack.descriptors.hdr
                0x0000000000000000      0x196
 .stack.descriptors.hdr
                0x0000000000000000        0xe c:/program files/microchip/xc8/v2.36/avr/bin/../lib/gcc/avr/5.4.0/../../../../avr/lib/avr5/memx-const\libm.a(divsf3.o)
 .stack.descriptors.hdr
                0x000000000000000e        0xe c:/program files/microchip/xc8/v2.36/avr/bin/../lib/gcc/avr/5.4.0/../../../../avr/lib/avr5/memx-const\libm.a(divsf3x.o)
 .stack.descriptors.hdr
                0x000000000000001c        0xe c:/program files/microchip/xc8/v2.36/avr/bin/../lib/gcc/avr/5.4.0/../../../../avr/lib/avr5/memx-const\libm.a(fixsfsi.o)
 .stack.descriptors.hdr
                0x000000000000002a        0xe c:/program files/microchip/xc8/v2.36/avr/bin/../lib/gcc/avr/5.4.0/../../../../avr/lib/avr5/memx-const\libm.a(fixunssfsi.o)
 .stack.descriptors.hdr
                0x0000000000000038        0xe c:/program files/microchip/xc8/v2.36/avr/bin/../lib/gcc/avr/5.4.0/../../../../avr/lib/avr5/memx-const\libm.a(floatsisf.o)
 .stack.descriptors.hdr
                0x0000000000000046        0xe c:/program files/microchip/xc8/v2.36/avr/bin/../lib/gcc/avr/5.4.0/../../../../avr/lib/avr5/memx-const\libm.a(fp_inf.o)
 .stack.descriptors.hdr
                0x0000000000000054        0xe c:/program files/microchip/xc8/v2.36/avr/bin/../lib/gcc/avr/5.4.0/../../../../avr/lib/avr5/memx-const\libm.a(fp_nan.o)
 .stack.descriptors.hdr
                0x0000000000000062        0xe c:/program files/microchip/xc8/v2.36/avr/bin/../lib/gcc/avr/5.4.0/../../../../avr/lib/avr5/memx-const\libm.a(fp_pscA.o)
 .stack.descriptors.hdr
                0x0000000000000070        0xe c:/program files/microchip/xc8/v2.36/avr/bin/../lib/gcc/avr/5.4.0/../../../../avr/lib/avr5/memx-const\libm.a(fp_pscB.o)
 .stack.descriptors.hdr
                0x000000000000007e        0xe c:/program files/microchip/xc8/v2.36/avr/bin/../lib/gcc/avr/5.4.0/../../../../avr/lib/avr5/memx-const\libm.a(fp_round.o)
 .stack.descriptors.hdr
                0x000000000000008c        0xe c:/program files/microchip/xc8/v2.36/avr/bin/../lib/gcc/avr/5.4.0/../../../../avr/lib/avr5/memx-const\libm.a(fp_split3.o)
 .stack.descriptors.hdr
                0x000000000000009a        0xe c:/program files/microchip/xc8/v2.36/avr/bin/../lib/gcc/avr/5.4.0/../../../../avr/lib/avr5/memx-const\libm.a(fp_zero.o)
 .stack.descriptors.hdr
                0x00000000000000a8        0xe c:/program files/microchip/xc8/v2.36/avr/bin/../lib/gcc/avr/5.4.0/../../../../avr/lib/avr5/memx-const\libm.a(mulsf3.o)
 .stack.descriptors.hdr
                0x00000000000000b6        0xe c:/program files/microchip/xc8/v2.36/avr/bin/../lib/gcc/avr/5.4.0/../../../../avr/lib/avr5/memx-const\libm.a(mulsf3x.o)
 .stack.descriptors.hdr
                0x00000000000000c4        0xe c:/program files/microchip/xc8/v2.36/avr/bin/../lib/gcc/avr/5.4.0/avr5/memx-const\libgcc.a(_divmodhi4.o)
 .stack.descriptors.hdr
                0x00000000000000d2        0xe c:/program files/microchip/xc8/v2.36/avr/bin/../lib/gcc/avr/5.4.0/avr5/memx-const\libgcc.a(_udivmodsi4.o)
 .stack.descriptors.hdr
                0x00000000000000e0        0xe c:/program files/microchip/xc8/v2.36/avr/bin/../lib/gcc/avr/5.4.0/avr5/memx-const\libgcc.a(_udivmodhi4.o)
 .stack.descriptors.hdr
                0x00000000000000ee        0xe c:/program files/microchip/xc8/v2.36/avr/bin/../lib/gcc/avr/5.4.0/avr5/memx-const\libgcc.a(_exit.o)
 .stack.descriptors.hdr
                0x00000000000000fc        0xe c:/program files/microchip/xc8/v2.36/avr/bin/../lib/gcc/avr/5.4.0/avr5/memx-const\libgcc.a(_muldi3.o)
 .stack.descriptors.hdr
                0x000000000000010a        0xe c:/program files/microchip/xc8/v2.36/avr/bin/../lib/gcc/avr/5.4.0/avr5/memx-const\libgcc.a(_muldi3_6.o)
 .stack.descriptors.hdr
                0x0000000000000118        0xe c:/program files/microchip/xc8/v2.36/avr/bin/../lib/gcc/avr/5.4.0/avr5/memx-const\libgcc.a(_udivdi3.o)
 .stack.descriptors.hdr
                0x0000000000000126        0xe c:/program files/microchip/xc8/v2.36/avr/bin/../lib/gcc/avr/5.4.0/avr5/memx-const\libgcc.a(_udivmod64.o)
 .stack.descriptors.hdr
                0x0000000000000134        0xe c:/program files/microchip/xc8/v2.36/avr/bin/../lib/gcc/avr/5.4.0/avr5/memx-const\libgcc.a(_negdi2.o)
 .stack.descriptors.hdr
                0x0000000000000142        0xe c:/program files/microchip/xc8/v2.36/avr/bin/../lib/gcc/avr/5.4.0/avr5/memx-const\libgcc.a(_movmemx.o)
 .stack.descriptors.hdr
                0x0000000000000150        0xe c:/program files/microchip/xc8/v2.36/avr/bin/../lib/gcc/avr/5.4.0/avr5/memx-const\libgcc.a(_ashrdi3.o)
 .stack.descriptors.hdr
                0x000000000000015e        0xe c:/program files/microchip/xc8/v2.36/avr/bin/../lib/gcc/avr/5.4.0/avr5/memx-const\libgcc.a(_adddi3.o)
 .stack.descriptors.hdr
                0x000000000000016c        0xe c:/program files/microchip/xc8/v2.36/avr/bin/../lib/gcc/avr/5.4.0/avr5/memx-const\libgcc.a(_cmpdi2.o)
 .stack.descriptors.hdr
                0x000000000000017a        0xe c:/program files/microchip/xc8/v2.36/avr/bin/../lib/gcc/avr/5.4.0/avr5/memx-const\libgcc.a(_cmpdi2_s8.o)
 .stack.descriptors.hdr
                0x0000000000000188        0xe c:/program files/microchip/xc8/v2.36/avr/bin/../lib/gcc/avr/5.4.0/avr5/memx-const\libgcc.a(_umulhisi3.o)

.note.GNU-stack
                0x0000000000000000        0x0
 .note.GNU-stack
                0x0000000000000000        0x0 c:/program files/microchip/xc8/v2.36/avr/bin/../lib/gcc/avr/5.4.0/../../../../avr/lib/avr5/memx-const\libm.a(divsf3.o)
 .note.GNU-stack
                0x0000000000000000        0x0 c:/program files/microchip/xc8/v2.36/avr/bin/../lib/gcc/avr/5.4.0/../../../../avr/lib/avr5/memx-const\libm.a(divsf3x.o)
 .note.GNU-stack
                0x0000000000000000        0x0 c:/program files/microchip/xc8/v2.36/avr/bin/../lib/gcc/avr/5.4.0/../../../../avr/lib/avr5/memx-const\libm.a(fixsfsi.o)
 .note.GNU-stack
                0x0000000000000000        0x0 c:/program files/microchip/xc8/v2.36/avr/bin/../lib/gcc/avr/5.4.0/../../../../avr/lib/avr5/memx-const\libm.a(fixunssfsi.o)
 .note.GNU-stack
                0x0000000000000000        0x0 c:/program files/microchip/xc8/v2.36/avr/bin/../lib/gcc/avr/5.4.0/../../../../avr/lib/avr5/memx-const\libm.a(floatsisf.o)
 .note.GNU-stack
                0x0000000000000000        0x0 c:/program files/microchip/xc8/v2.36/avr/bin/../lib/gcc/avr/5.4.0/../../../../avr/lib/avr5/memx-const\libm.a(fp_inf.o)
 .note.GNU-stack
                0x0000000000000000        0x0 c:/program files/microchip/xc8/v2.36/avr/bin/../lib/gcc/avr/5.4.0/../../../../avr/lib/avr5/memx-const\libm.a(fp_nan.o)
 .note.GNU-stack
                0x0000000000000000        0x0 c:/program files/microchip/xc8/v2.36/avr/bin/../lib/gcc/avr/5.4.0/../../../../avr/lib/avr5/memx-const\libm.a(fp_pscA.o)
 .note.GNU-stack
                0x0000000000000000        0x0 c:/program files/microchip/xc8/v2.36/avr/bin/../lib/gcc/avr/5.4.0/../../../../avr/lib/avr5/memx-const\libm.a(fp_pscB.o)
 .note.GNU-stack
                0x0000000000000000        0x0 c:/program files/microchip/xc8/v2.36/avr/bin/../lib/gcc/avr/5.4.0/../../../../avr/lib/avr5/memx-const\libm.a(fp_round.o)
 .note.GNU-stack
                0x0000000000000000        0x0 c:/program files/microchip/xc8/v2.36/avr/bin/../lib/gcc/avr/5.4.0/../../../../avr/lib/avr5/memx-const\libm.a(fp_split3.o)
 .note.GNU-stack
                0x0000000000000000        0x0 c:/program files/microchip/xc8/v2.36/avr/bin/../lib/gcc/avr/5.4.0/../../../../avr/lib/avr5/memx-const\libm.a(fp_zero.o)
 .note.GNU-stack
                0x0000000000000000        0x0 c:/program files/microchip/xc8/v2.36/avr/bin/../lib/gcc/avr/5.4.0/../../../../avr/lib/avr5/memx-const\libm.a(mulsf3.o)
 .note.GNU-stack
                0x0000000000000000        0x0 c:/program files/microchip/xc8/v2.36/avr/bin/../lib/gcc/avr/5.4.0/../../../../avr/lib/avr5/memx-const\libm.a(mulsf3x.o)
 .note.GNU-stack
                0x0000000000000000        0x0 c:/program files/microchip/xc8/v2.36/avr/bin/../lib/gcc/avr/5.4.0/../../../../avr/lib/avr5/memx-const\libc.a(exit.o)
 .note.GNU-stack
                0x0000000000000000        0x0 c:/program files/microchip/xc8/v2.36/avr/bin/../lib/gcc/avr/5.4.0/../../../../avr/lib/avr5/memx-const\libc.a(__sio_sprintf_doux.o)
 .note.GNU-stack
                0x0000000000000000        0x0 c:/program files/microchip/xc8/v2.36/avr/bin/../lib/gcc/avr/5.4.0/../../../../avr/lib/avr5/memx-const\libc.a(__sio_sscanf_doux.o)
 .note.GNU-stack
                0x0000000000000000        0x0 c:/program files/microchip/xc8/v2.36/avr/bin/../lib/gcc/avr/5.4.0/../../../../avr/lib/avr5/memx-const\libc.a(__fmt_s.o)
 .note.GNU-stack
                0x0000000000000000        0x0 c:/program files/microchip/xc8/v2.36/avr/bin/../lib/gcc/avr/5.4.0/../../../../avr/lib/avr5/memx-const\libc.a(__printf_core.o)
 .note.GNU-stack
                0x0000000000000000        0x0 c:/program files/microchip/xc8/v2.36/avr/bin/../lib/gcc/avr/5.4.0/../../../../avr/lib/avr5/memx-const\libc.a(__scan_d.o)
 .note.GNU-stack
                0x0000000000000000        0x0 c:/program files/microchip/xc8/v2.36/avr/bin/../lib/gcc/avr/5.4.0/../../../../avr/lib/avr5/memx-const\libc.a(__scan_i.o)
 .note.GNU-stack
                0x0000000000000000        0x0 c:/program files/microchip/xc8/v2.36/avr/bin/../lib/gcc/avr/5.4.0/../../../../avr/lib/avr5/memx-const\libc.a(__scan_o.o)
 .note.GNU-stack
                0x0000000000000000        0x0 c:/program files/microchip/xc8/v2.36/avr/bin/../lib/gcc/avr/5.4.0/../../../../avr/lib/avr5/memx-const\libc.a(__scan_s.o)
 .note.GNU-stack
                0x0000000000000000        0x0 c:/program files/microchip/xc8/v2.36/avr/bin/../lib/gcc/avr/5.4.0/../../../../avr/lib/avr5/memx-const\libc.a(__scan_u.o)
 .note.GNU-stack
                0x0000000000000000        0x0 c:/program files/microchip/xc8/v2.36/avr/bin/../lib/gcc/avr/5.4.0/../../../../avr/lib/avr5/memx-const\libc.a(__scan_x.o)
 .note.GNU-stack
                0x0000000000000000        0x0 c:/program files/microchip/xc8/v2.36/avr/bin/../lib/gcc/avr/5.4.0/../../../../avr/lib/avr5/memx-const\libc.a(__scanf_core.o)
 .note.GNU-stack
                0x0000000000000000        0x0 c:/program files/microchip/xc8/v2.36/avr/bin/../lib/gcc/avr/5.4.0/../../../../avr/lib/avr5/memx-const\libc.a(fgetc.o)
 .note.GNU-stack
                0x0000000000000000        0x0 c:/program files/microchip/xc8/v2.36/avr/bin/../lib/gcc/avr/5.4.0/../../../../avr/lib/avr5/memx-const\libc.a(fputc.o)
 .note.GNU-stack
                0x0000000000000000        0x0 c:/program files/microchip/xc8/v2.36/avr/bin/../lib/gcc/avr/5.4.0/../../../../avr/lib/avr5/memx-const\libc.a(__fmt_d.o)
 .note.GNU-stack
                0x0000000000000000        0x0 c:/program files/microchip/xc8/v2.36/avr/bin/../lib/gcc/avr/5.4.0/../../../../avr/lib/avr5/memx-const\libc.a(__fmt_o.o)
 .note.GNU-stack
                0x0000000000000000        0x0 c:/program files/microchip/xc8/v2.36/avr/bin/../lib/gcc/avr/5.4.0/../../../../avr/lib/avr5/memx-const\libc.a(__fmt_u.o)
 .note.GNU-stack
                0x0000000000000000        0x0 c:/program files/microchip/xc8/v2.36/avr/bin/../lib/gcc/avr/5.4.0/../../../../avr/lib/avr5/memx-const\libc.a(__fmt_x.o)
 .note.GNU-stack
                0x0000000000000000        0x0 c:/program files/microchip/xc8/v2.36/avr/bin/../lib/gcc/avr/5.4.0/../../../../avr/lib/avr5/memx-const\libc.a(__pop_float.o)
 .note.GNU-stack
                0x0000000000000000        0x0 c:/program files/microchip/xc8/v2.36/avr/bin/../lib/gcc/avr/5.4.0/../../../../avr/lib/avr5/memx-const\libc.a(__pop_int.o)
 .note.GNU-stack
                0x0000000000000000        0x0 c:/program files/microchip/xc8/v2.36/avr/bin/../lib/gcc/avr/5.4.0/../../../../avr/lib/avr5/memx-const\libc.a(__pop_ptr.o)
 .note.GNU-stack
                0x0000000000000000        0x0 c:/program files/microchip/xc8/v2.36/avr/bin/../lib/gcc/avr/5.4.0/../../../../avr/lib/avr5/memx-const\libc.a(__push_float.o)
 .note.GNU-stack
                0x0000000000000000        0x0 c:/program files/microchip/xc8/v2.36/avr/bin/../lib/gcc/avr/5.4.0/../../../../avr/lib/avr5/memx-const\libc.a(__push_int.o)
 .note.GNU-stack
                0x0000000000000000        0x0 c:/program files/microchip/xc8/v2.36/avr/bin/../lib/gcc/avr/5.4.0/../../../../avr/lib/avr5/memx-const\libc.a(atoi.o)
 .note.GNU-stack
                0x0000000000000000        0x0 c:/program files/microchip/xc8/v2.36/avr/bin/../lib/gcc/avr/5.4.0/../../../../avr/lib/avr5/memx-const\libc.a(strtoll.o)
 .note.GNU-stack
                0x0000000000000000        0x0 c:/program files/microchip/xc8/v2.36/avr/bin/../lib/gcc/avr/5.4.0/../../../../avr/lib/avr5/memx-const\libc.a(strtoull.o)
 .note.GNU-stack
                0x0000000000000000        0x0 c:/program files/microchip/xc8/v2.36/avr/bin/../lib/gcc/avr/5.4.0/../../../../avr/lib/avr5/memx-const\libc.a(memcpy.o)
 .note.GNU-stack
                0x0000000000000000        0x0 c:/program files/microchip/xc8/v2.36/avr/bin/../lib/gcc/avr/5.4.0/../../../../avr/lib/avr5/memx-const\libc.a(memset.o)
 .note.GNU-stack
                0x0000000000000000        0x0 c:/program files/microchip/xc8/v2.36/avr/bin/../lib/gcc/avr/5.4.0/../../../../avr/lib/avr5/memx-const\libc.a(strlen.o)
 .note.GNU-stack
                0x0000000000000000        0x0 c:/program files/microchip/xc8/v2.36/avr/bin/../lib/gcc/avr/5.4.0/../../../../avr/lib/avr5/memx-const\libc.a(isxdigit.o)
 .note.GNU-stack
                0x0000000000000000        0x0 c:/program files/microchip/xc8/v2.36/avr/bin/../lib/gcc/avr/5.4.0/../../../../avr/lib/avr5/memx-const\libc.a(tolower.o)
 .note.GNU-stack
                0x0000000000000000        0x0 c:/program files/microchip/xc8/v2.36/avr/bin/../lib/gcc/avr/5.4.0/../../../../avr/lib/avr5/memx-const\libc.a(toupper.o)
 .note.GNU-stack
                0x0000000000000000        0x0 c:/program files/microchip/xc8/v2.36/avr/bin/../lib/gcc/avr/5.4.0/../../../../avr/lib/avr5/memx-const\libc.a(errno.o)
 .note.GNU-stack
                0x0000000000000000        0x0 c:/program files/microchip/xc8/v2.36/avr/bin/../lib/gcc/avr/5.4.0/../../../../avr/lib/avr5/memx-const\libc.a(_Exit.o)
 .note.GNU-stack
                0x0000000000000000        0x0 c:/program files/microchip/xc8/v2.36/avr/bin/../lib/gcc/avr/5.4.0/../../../../avr/lib/avr5/memx-const\libc.a(__int_vfscanf.o)
 .note.GNU-stack
                0x0000000000000000        0x0 c:/program files/microchip/xc8/v2.36/avr/bin/../lib/gcc/avr/5.4.0/../../../../avr/lib/avr5/memx-const\libc.a(__int_vsprintf.o)
 .note.GNU-stack
                0x0000000000000000        0x0 c:/program files/microchip/xc8/v2.36/avr/bin/../lib/gcc/avr/5.4.0/../../../../avr/lib/avr5/memx-const\libc.a(__int_vsnprintf.o)
 .note.GNU-stack
                0x0000000000000000        0x0 c:/program files/microchip/xc8/v2.36/avr/bin/../lib/gcc/avr/5.4.0/../../../../avr/lib/avr5/memx-const\libc.a(__strtoxll.o)
 .note.GNU-stack
                0x0000000000000000        0x0 c:/program files/microchip/xc8/v2.36/avr/bin/../lib/gcc/avr/5.4.0/../../../../avr/lib/avr5/memx-const\libc.a(isalnum.o)
 .note.GNU-stack
                0x0000000000000000        0x0 c:/program files/microchip/xc8/v2.36/avr/bin/../lib/gcc/avr/5.4.0/../../../../avr/lib/avr5/memx-const\libc.a(__int_vfprintf.o)

.note.gnu.build-id
 *(.note.gnu.build-id)

.debug
 *(.debug)

.line
 *(.line)

.debug_srcinfo
 *(.debug_srcinfo)

.debug_sfnames
 *(.debug_sfnames)

.debug_aranges  0x0000000000000000      0x198
 *(.debug_aranges)
 .debug_aranges
                0x0000000000000000       0x48 I2C/I2C.o
 .debug_aranges
                0x0000000000000048       0x18 LCD/IO_Settings/IO_Settings.o
 .debug_aranges
                0x0000000000000060       0x68 LCD/LCD.o
 .debug_aranges
                0x00000000000000c8       0x38 main.o
 .debug_aranges
                0x0000000000000100       0x60 MPU6050/MPU6050.o
 .debug_aranges
                0x0000000000000160       0x38 UART/UART.o

.debug_pubnames
 *(.debug_pubnames)

.debug_info     0x0000000000000000     0x301d
 *(.debug_info .gnu.linkonce.wi.*)
 .debug_info    0x0000000000000000      0x5f4 C:/Program Files (x86)/Atmel/Studio/7.0/Packs/atmel/ATmega_DFP/1.7.374/xc8/avr/lib/avr5/memx-const/crtatmega328p.o
 .debug_info    0x00000000000005f4      0x39b I2C/I2C.o
 .debug_info    0x000000000000098f      0x43c LCD/IO_Settings/IO_Settings.o
 .debug_info    0x0000000000000dcb      0x991 LCD/LCD.o
 .debug_info    0x000000000000175c      0xab4 main.o
 .debug_info    0x0000000000002210      0xa03 MPU6050/MPU6050.o
 .debug_info    0x0000000000002c13      0x40a UART/UART.o

.debug_abbrev   0x0000000000000000      0xcff
 *(.debug_abbrev)
 .debug_abbrev  0x0000000000000000      0x5a2 C:/Program Files (x86)/Atmel/Studio/7.0/Packs/atmel/ATmega_DFP/1.7.374/xc8/avr/lib/avr5/memx-const/crtatmega328p.o
 .debug_abbrev  0x00000000000005a2       0xb2 I2C/I2C.o
 .debug_abbrev  0x0000000000000654       0x55 LCD/IO_Settings/IO_Settings.o
 .debug_abbrev  0x00000000000006a9      0x1e9 LCD/LCD.o
 .debug_abbrev  0x0000000000000892      0x1e7 main.o
 .debug_abbrev  0x0000000000000a79      0x19b MPU6050/MPU6050.o
 .debug_abbrev  0x0000000000000c14       0xeb UART/UART.o

.debug_line     0x0000000000000000     0x186a
 *(.debug_line .debug_line.* .debug_line_end)
 .debug_line    0x0000000000000000      0x137 C:/Program Files (x86)/Atmel/Studio/7.0/Packs/atmel/ATmega_DFP/1.7.374/xc8/avr/lib/avr5/memx-const/crtatmega328p.o
 .debug_line    0x0000000000000137      0x1d9 I2C/I2C.o
 .debug_line    0x0000000000000310       0x4f LCD/IO_Settings/IO_Settings.o
 .debug_line    0x000000000000035f      0x9ee LCD/LCD.o
 .debug_line    0x0000000000000d4d      0x54a main.o
 .debug_line    0x0000000000001297      0x3f9 MPU6050/MPU6050.o
 .debug_line    0x0000000000001690      0x1da UART/UART.o

.debug_frame    0x0000000000000000      0x568
 *(.debug_frame)
 .debug_frame   0x0000000000000000       0x84 I2C/I2C.o
 .debug_frame   0x0000000000000084      0x184 LCD/LCD.o
 .debug_frame   0x0000000000000208      0x140 main.o
 .debug_frame   0x0000000000000348      0x1a0 MPU6050/MPU6050.o
 .debug_frame   0x00000000000004e8       0x80 UART/UART.o

.debug_str      0x0000000000000000      0x283
 *(.debug_str)
 .debug_str     0x0000000000000000      0x208 C:/Program Files (x86)/Atmel/Studio/7.0/Packs/atmel/ATmega_DFP/1.7.374/xc8/avr/lib/avr5/memx-const/crtatmega328p.o
 .debug_str     0x0000000000000208        0x0 I2C/I2C.o
 .debug_str     0x0000000000000208        0x0 LCD/IO_Settings/IO_Settings.o
 .debug_str     0x0000000000000208        0xb LCD/LCD.o
 .debug_str     0x0000000000000213       0x19 main.o
 .debug_str     0x000000000000022c       0x57 MPU6050/MPU6050.o
 .debug_str     0x0000000000000283        0x0 UART/UART.o

.debug_loc      0x0000000000000000     0x1a49
 *(.debug_loc)
 .debug_loc     0x0000000000000000      0x159 I2C/I2C.o
 .debug_loc     0x0000000000000159      0xb74 LCD/LCD.o
 .debug_loc     0x0000000000000ccd      0x350 main.o
 .debug_loc     0x000000000000101d      0x829 MPU6050/MPU6050.o
 .debug_loc     0x0000000000001846      0x203 UART/UART.o

.debug_macinfo
 *(.debug_macinfo)

.debug_weaknames
 *(.debug_weaknames)

.debug_funcnames
 *(.debug_funcnames)

.debug_typenames
 *(.debug_typenames)

.debug_varnames
 *(.debug_varnames)

.debug_pubtypes
 *(.debug_pubtypes)

.debug_ranges   0x0000000000000000      0x160
 *(.debug_ranges)
 .debug_ranges  0x0000000000000000       0x38 I2C/I2C.o
 .debug_ranges  0x0000000000000038       0x88 LCD/LCD.o
 .debug_ranges  0x00000000000000c0       0x28 main.o
 .debug_ranges  0x00000000000000e8       0x50 MPU6050/MPU6050.o
 .debug_ranges  0x0000000000000138       0x28 UART/UART.o

.debug_macro
 *(.debug_macro)
OUTPUT(Master.elf elf32-avr)
LOAD linker stubs
LOAD data_init

.note.gnu.avr.deviceinfo
                0x0000000000000000       0x40
 .note.gnu.avr.deviceinfo
                0x0000000000000000       0x40 C:/Program Files (x86)/Atmel/Studio/7.0/Packs/atmel/ATmega_DFP/1.7.374/xc8/avr/lib/avr5/memx-const/crtatmega328p.o

.bss.buf_ind    0x0000000000800260        0x1
 .bss.buf_ind   0x0000000000800260        0x1 main.o
                0x0000000000800260                buf_ind

.bss.servo_low  0x0000000000800261        0x1
 .bss.servo_low
                0x0000000000800261        0x1 main.o
                0x0000000000800261                servo_low

.bss.global_counter
                0x0000000000800262        0x1
 .bss.global_counter
                0x0000000000800262        0x1 main.o
                0x0000000000800262                global_counter

.bss.direction  0x0000000000800263        0x1
 .bss.direction
                0x0000000000800263        0x1 main.o
                0x0000000000800263                direction

.bss.millis_counter
                0x0000000000800232        0x4
 .bss.millis_counter
                0x0000000000800232        0x4 main.o
                0x0000000000800232                millis_counter

.bss.light      0x0000000000800267        0x1
 .bss.light     0x0000000000800267        0x1 main.o
                0x0000000000800267                light

.bss.distance   0x0000000000800268        0x1
 .bss.distance  0x0000000000800268        0x1 main.o
                0x0000000000800268                distance

.bss.speed      0x0000000000800236        0x4
 .bss.speed     0x0000000000800236        0x4 main.o
                0x0000000000800236                speed

.bss.gyro_z     0x000000000080023a        0x4
 .bss.gyro_z    0x000000000080023a        0x4 main.o
                0x000000000080023a                gyro_z

.bss.accel_z    0x000000000080023e        0x4
 .bss.accel_z   0x000000000080023e        0x4 main.o
                0x000000000080023e                accel_z

.bss.accelscale
                0x0000000000800269        0x1
 .bss.accelscale
                0x0000000000800269        0x1 MPU6050/MPU6050.o
                0x0000000000800269                accelscale

.bss.gyroscale  0x000000000080026a        0x1
 .bss.gyroscale
                0x000000000080026a        0x1 MPU6050/MPU6050.o
                0x000000000080026a                gyroscale

.bss.addr       0x000000000080026b        0x1
 .bss.addr      0x000000000080026b        0x1 MPU6050/MPU6050.o
                0x000000000080026b                addr

.progmemx.data  0x00000000000000ec       0x33
 .progmemx.data
                0x00000000000000ec       0x33 main.o

.progmemx.data.state_table
                0x000000000000011f       0x16
 .progmemx.data.state_table
                0x000000000000011f       0x16 c:/program files/microchip/xc8/v2.36/avr/bin/../lib/gcc/avr/5.4.0/../../../../avr/lib/avr5/memx-const\libc.a(__printf_core.o)

.progmemx.data  0x0000000000000135        0xf
 .progmemx.data
                0x0000000000000135        0xf UART/UART.o

.progmemx.data  0x0000000000000144        0x7
 .progmemx.data
                0x0000000000000144        0x7 c:/program files/microchip/xc8/v2.36/avr/bin/../lib/gcc/avr/5.4.0/../../../../avr/lib/avr5/memx-const\libc.a(__fmt_s.o)

.progmemx.data  0x000000000000014b        0x6
 .progmemx.data
                0x000000000000014b        0x6 c:/program files/microchip/xc8/v2.36/avr/bin/../lib/gcc/avr/5.4.0/../../../../avr/lib/avr5/memx-const\libc.a(__printf_core.o)

.data.valor     0x0000000000800264        0x1 load address 0x0000000000000151
 .data.valor    0x0000000000800264        0x1 main.o
                0x0000000000800264                valor

.text.__scanf_core
                0x0000000000000152      0x89a
 .text.__scanf_core
                0x0000000000000152      0x89a c:/program files/microchip/xc8/v2.36/avr/bin/../lib/gcc/avr/5.4.0/../../../../avr/lib/avr5/memx-const\libc.a(__scanf_core.o)
                0x0000000000000152                __scanf_core

.text.__printf_core
                0x00000000000009ec      0x822
 .text.__printf_core
                0x00000000000009ec      0x822 c:/program files/microchip/xc8/v2.36/avr/bin/../lib/gcc/avr/5.4.0/../../../../avr/lib/avr5/memx-const\libc.a(__printf_core.o)
                0x00000000000009ec                __printf_core

.text.LCD_Port_8bits
                0x000000000000120e      0x622
 .text.LCD_Port_8bits
                0x000000000000120e      0x622 LCD/LCD.o
                0x000000000000120e                LCD_Port_8bits

.text.main      0x0000000000001830      0x474
 .text.main     0x0000000000001830      0x474 main.o
                0x0000000000001830                main

.text.__strtoxll
                0x0000000000001ca4      0x3d8
 .text.__strtoxll
                0x0000000000001ca4      0x3d8 c:/program files/microchip/xc8/v2.36/avr/bin/../lib/gcc/avr/5.4.0/../../../../avr/lib/avr5/memx-const\libc.a(__strtoxll.o)
                0x0000000000001ca4                __strtoxll

.text.__fmt_x   0x000000000000207c      0x280
 .text.__fmt_x  0x000000000000207c      0x280 c:/program files/microchip/xc8/v2.36/avr/bin/../lib/gcc/avr/5.4.0/../../../../avr/lib/avr5/memx-const\libc.a(__fmt_x.o)
                0x000000000000207c                __fmt_x_needed
                0x000000000000207c                __fmt_x

.text.__scan_i  0x00000000000022fc      0x1e6
 .text.__scan_i
                0x00000000000022fc      0x1e6 c:/program files/microchip/xc8/v2.36/avr/bin/../lib/gcc/avr/5.4.0/../../../../avr/lib/avr5/memx-const\libc.a(__scan_i.o)
                0x00000000000022fc                __scan_i_needed
                0x00000000000022fc                __scan_i

.text.__vector_18
                0x00000000000024e2      0x1b6
 .text.__vector_18
                0x00000000000024e2      0x1b6 main.o
                0x00000000000024e2                __vector_18

.text.init_8bits
                0x0000000000002698      0x19e
 .text.init_8bits
                0x0000000000002698      0x19e LCD/LCD.o
                0x0000000000002698                init_8bits

.text.__fmt_d   0x0000000000002836      0x17e
 .text.__fmt_d  0x0000000000002836      0x17e c:/program files/microchip/xc8/v2.36/avr/bin/../lib/gcc/avr/5.4.0/../../../../avr/lib/avr5/memx-const\libc.a(__fmt_d.o)
                0x0000000000002836                __fmt_d
                0x0000000000002836                __fmt_d_needed

.text.__pop_int
                0x00000000000029b4      0x172
 .text.__pop_int
                0x00000000000029b4      0x172 c:/program files/microchip/xc8/v2.36/avr/bin/../lib/gcc/avr/5.4.0/../../../../avr/lib/avr5/memx-const\libc.a(__pop_int.o)
                0x00000000000029b4                __pop_int_needed
                0x00000000000029b4                __pop_int

.text.__scan_x  0x0000000000002b26      0x14e
 .text.__scan_x
                0x0000000000002b26      0x14e c:/program files/microchip/xc8/v2.36/avr/bin/../lib/gcc/avr/5.4.0/../../../../avr/lib/avr5/memx-const\libc.a(__scan_x.o)
                0x0000000000002b26                __scan_x
                0x0000000000002b26                __scan_x_needed

.text.__cvt_u   0x0000000000002c74      0x14a
 .text.__cvt_u  0x0000000000002c74      0x14a c:/program files/microchip/xc8/v2.36/avr/bin/../lib/gcc/avr/5.4.0/../../../../avr/lib/avr5/memx-const\libc.a(__fmt_u.o)
                0x0000000000002c74                __cvt_u

.text.__push_int
                0x0000000000002dbe      0x136
 .text.__push_int
                0x0000000000002dbe      0x136 c:/program files/microchip/xc8/v2.36/avr/bin/../lib/gcc/avr/5.4.0/../../../../avr/lib/avr5/memx-const\libc.a(__push_int.o)
                0x0000000000002dbe                __push_int_needed
                0x0000000000002dbe                __push_int

.text.LCD_Command_8bits
                0x0000000000002ef4      0x132
 .text.LCD_Command_8bits
                0x0000000000002ef4      0x132 LCD/LCD.o
                0x0000000000002ef4                LCD_Command_8bits

.text.LCD_WriteChar_8bits
                0x0000000000003026      0x12c
 .text.LCD_WriteChar_8bits
                0x0000000000003026      0x12c LCD/LCD.o
                0x0000000000003026                LCD_WriteChar_8bits

.text.__pad     0x0000000000003152      0x10e
 .text.__pad    0x0000000000003152      0x10e c:/program files/microchip/xc8/v2.36/avr/bin/../lib/gcc/avr/5.4.0/../../../../avr/lib/avr5/memx-const\libc.a(__printf_core.o)
                0x0000000000003152                __pad

.text           0x0000000000003260       0xde
 .text          0x0000000000003260       0xde c:/program files/microchip/xc8/v2.36/avr/bin/../lib/gcc/avr/5.4.0/../../../../avr/lib/avr5/memx-const\libm.a(divsf3x.o)
                0x0000000000003260                __divsf3x
                0x0000000000003288                __divsf3_pse

.text.__pop_ptr
                0x000000000000333e       0xd8
 .text.__pop_ptr
                0x000000000000333e       0xd8 c:/program files/microchip/xc8/v2.36/avr/bin/../lib/gcc/avr/5.4.0/../../../../avr/lib/avr5/memx-const\libc.a(__pop_ptr.o)
                0x000000000000333e                __pop_ptr
                0x000000000000333e                __pop_ptr_needed

.text.__scan_o  0x0000000000003416       0xd6
 .text.__scan_o
                0x0000000000003416       0xd6 c:/program files/microchip/xc8/v2.36/avr/bin/../lib/gcc/avr/5.4.0/../../../../avr/lib/avr5/memx-const\libc.a(__scan_o.o)
                0x0000000000003416                __scan_o
                0x0000000000003416                __scan_o_needed

.text.itoa_change
                0x00000000000034ec       0xd4
 .text.itoa_change
                0x00000000000034ec       0xd4 LCD/LCD.o
                0x00000000000034ec                itoa_change

.text           0x00000000000035c0       0xd4
 .text          0x00000000000035c0       0xd4 c:/program files/microchip/xc8/v2.36/avr/bin/../lib/gcc/avr/5.4.0/../../../../avr/lib/avr5/memx-const\libm.a(mulsf3x.o)
                0x00000000000035c0                __mulsf3x
                0x00000000000035e6                __mulsf3_pse

.text.__read_int
                0x0000000000003694       0xd4
 .text.__read_int
                0x0000000000003694       0xd4 c:/program files/microchip/xc8/v2.36/avr/bin/../lib/gcc/avr/5.4.0/../../../../avr/lib/avr5/memx-const\libc.a(__scan_d.o)
                0x0000000000003694                __read_int

.text.__fmt_o   0x0000000000003768       0xd4
 .text.__fmt_o  0x0000000000003768       0xd4 c:/program files/microchip/xc8/v2.36/avr/bin/../lib/gcc/avr/5.4.0/../../../../avr/lib/avr5/memx-const\libc.a(__fmt_o.o)
                0x0000000000003768                __fmt_o
                0x0000000000003768                __fmt_o_needed

.text.MPU6050_Gz
                0x000000000000383c       0xd0
 .text.MPU6050_Gz
                0x000000000000383c       0xd0 MPU6050/MPU6050.o
                0x000000000000383c                MPU6050_Gz

.text.__scan_s  0x000000000000390c       0xcc
 .text.__scan_s
                0x000000000000390c       0xcc c:/program files/microchip/xc8/v2.36/avr/bin/../lib/gcc/avr/5.4.0/../../../../avr/lib/avr5/memx-const\libc.a(__scan_s.o)
                0x000000000000390c                __scan_s_needed
                0x000000000000390c                __scan_s
                0x000000000000390c                __scan_0_needed

.text.initUART0
                0x00000000000039d8       0xca
 .text.initUART0
                0x00000000000039d8       0xca UART/UART.o
                0x00000000000039d8                initUART0

.text.__fmt_s   0x0000000000003aa2       0xca
 .text.__fmt_s  0x0000000000003aa2       0xca c:/program files/microchip/xc8/v2.36/avr/bin/../lib/gcc/avr/5.4.0/../../../../avr/lib/avr5/memx-const\libc.a(__fmt_s.o)
                0x0000000000003aa2                __fmt_s
                0x0000000000003aa2                __fmt_0_needed
                0x0000000000003aa2                __fmt_s_needed

.text.I2C_Master_Init
                0x0000000000003b6c       0xb8
 .text.I2C_Master_Init
                0x0000000000003b6c       0xb8 I2C/I2C.o
                0x0000000000003b6c                I2C_Master_Init

.text.__fmt_u   0x0000000000003c24       0xb0
 .text.__fmt_u  0x0000000000003c24       0xb0 c:/program files/microchip/xc8/v2.36/avr/bin/../lib/gcc/avr/5.4.0/../../../../avr/lib/avr5/memx-const\libc.a(__fmt_u.o)
                0x0000000000003c24                __fmt_u_needed
                0x0000000000003c24                __fmt_u

.text.MPU6050_Az
                0x0000000000003cd4       0xa6
 .text.MPU6050_Az
                0x0000000000003cd4       0xa6 MPU6050/MPU6050.o
                0x0000000000003cd4                MPU6050_Az

.text.__vsnprintf
                0x0000000000003d7a       0xa4
 .text.__vsnprintf
                0x0000000000003d7a       0xa4 c:/program files/microchip/xc8/v2.36/avr/bin/../lib/gcc/avr/5.4.0/../../../../avr/lib/avr5/memx-const\libc.a(__int_vsnprintf.o)
                0x0000000000003d7a                __vsnprintf

.text.fgetc     0x0000000000003e1e       0xa2
 .text.fgetc    0x0000000000003e1e       0xa2 c:/program files/microchip/xc8/v2.36/avr/bin/../lib/gcc/avr/5.4.0/../../../../avr/lib/avr5/memx-const\libc.a(fgetc.o)
                0x0000000000003e1e                fgetc

.text.libgcc.div
                0x0000000000003ec0       0xa2
 .text.libgcc.div
                0x0000000000003ec0       0xa2 c:/program files/microchip/xc8/v2.36/avr/bin/../lib/gcc/avr/5.4.0/avr5/memx-const\libgcc.a(_udivmod64.o)
                0x0000000000003ec0                __udivmod64

.text.libgcc.mul
                0x0000000000003f62       0xa0
 .text.libgcc.mul
                0x0000000000003f62       0xa0 c:/program files/microchip/xc8/v2.36/avr/bin/../lib/gcc/avr/5.4.0/avr5/memx-const\libgcc.a(_muldi3.o)
                0x0000000000003f62                __muldi3

.text.__fmt_state
                0x0000000000004002       0x9e
 .text.__fmt_state
                0x0000000000004002       0x9e c:/program files/microchip/xc8/v2.36/avr/bin/../lib/gcc/avr/5.4.0/../../../../avr/lib/avr5/memx-const\libc.a(__printf_core.o)
                0x0000000000004002                __fmt_state

.text.fputc     0x00000000000040a0       0x92
 .text.fputc    0x00000000000040a0       0x92 c:/program files/microchip/xc8/v2.36/avr/bin/../lib/gcc/avr/5.4.0/../../../../avr/lib/avr5/memx-const\libc.a(fputc.o)
                0x00000000000040a0                fputc
                0x00000000000040a0                putc

.text.atoi      0x0000000000004132       0x90
 .text.atoi     0x0000000000004132       0x90 c:/program files/microchip/xc8/v2.36/avr/bin/../lib/gcc/avr/5.4.0/../../../../avr/lib/avr5/memx-const\libc.a(atoi.o)
                0x0000000000004132                atoi

.text           0x00000000000041c2       0x7a
 .text          0x00000000000041c2       0x7a c:/program files/microchip/xc8/v2.36/avr/bin/../lib/gcc/avr/5.4.0/../../../../avr/lib/avr5/memx-const\libm.a(floatsisf.o)
                0x00000000000041c2                __floatunsisf
                0x00000000000041c6                __floatsisf

.text.__push_float
                0x000000000000423c       0x6a
 .text.__push_float
                0x000000000000423c       0x6a c:/program files/microchip/xc8/v2.36/avr/bin/../lib/gcc/avr/5.4.0/../../../../avr/lib/avr5/memx-const\libc.a(__push_float.o)
                0x000000000000423c                __push_float_needed
                0x000000000000423c                __push_float

.text.__out     0x00000000000042a6       0x68
 .text.__out    0x00000000000042a6       0x68 c:/program files/microchip/xc8/v2.36/avr/bin/../lib/gcc/avr/5.4.0/../../../../avr/lib/avr5/memx-const\libc.a(__printf_core.o)
                0x00000000000042a6                __out

.text.__consumews
                0x000000000000430e       0x68
 .text.__consumews
                0x000000000000430e       0x68 c:/program files/microchip/xc8/v2.36/avr/bin/../lib/gcc/avr/5.4.0/../../../../avr/lib/avr5/memx-const\libc.a(__scanf_core.o)
                0x000000000000430e                __consumews

.text           0x0000000000004376       0x5e
 .text          0x0000000000004376       0x5e c:/program files/microchip/xc8/v2.36/avr/bin/../lib/gcc/avr/5.4.0/../../../../avr/lib/avr5/memx-const\libm.a(fixunssfsi.o)
                0x0000000000004376                __fixunssfsi

.text.MPU6050_WriteRegister
                0x00000000000043d4       0x50
 .text.MPU6050_WriteRegister
                0x00000000000043d4       0x50 MPU6050/MPU6050.o
                0x00000000000043d4                MPU6050_WriteRegister

.text.__scan_d  0x0000000000004424       0x4e
 .text.__scan_d
                0x0000000000004424       0x4e c:/program files/microchip/xc8/v2.36/avr/bin/../lib/gcc/avr/5.4.0/../../../../avr/lib/avr5/memx-const\libc.a(__scan_d.o)
                0x0000000000004424                __scan_d_needed
                0x0000000000004424                __scan_d

.text.__scan_u  0x0000000000004472       0x4e
 .text.__scan_u
                0x0000000000004472       0x4e c:/program files/microchip/xc8/v2.36/avr/bin/../lib/gcc/avr/5.4.0/../../../../avr/lib/avr5/memx-const\libc.a(__scan_u.o)
                0x0000000000004472                __scan_u_needed
                0x0000000000004472                __scan_u

.text.__vector_14
                0x00000000000044c0       0x4a
 .text.__vector_14
                0x00000000000044c0       0x4a main.o
                0x00000000000044c0                __vector_14

.text.__wrap_sscanf
                0x000000000000450a       0x46
 .text.__wrap_sscanf
                0x000000000000450a       0x46 c:/program files/microchip/xc8/v2.36/avr/bin/../lib/gcc/avr/5.4.0/../../../../avr/lib/avr5/memx-const\libc.a(__sio_sscanf_doux.o)
                0x000000000000450a                _sscanf_cdnopuxX

.text.__skipws  0x0000000000004550       0x46
 .text.__skipws
                0x0000000000004550       0x46 c:/program files/microchip/xc8/v2.36/avr/bin/../lib/gcc/avr/5.4.0/../../../../avr/lib/avr5/memx-const\libc.a(__scanf_core.o)
                0x0000000000004550                __skipws

.text           0x0000000000004596       0x44
 .text          0x0000000000004596       0x44 c:/program files/microchip/xc8/v2.36/avr/bin/../lib/gcc/avr/5.4.0/../../../../avr/lib/avr5/memx-const\libm.a(fp_split3.o)
                0x0000000000004596                __fp_split3
                0x00000000000045a6                __fp_splitA

.text.libgcc.div
                0x00000000000045da       0x44
 .text.libgcc.div
                0x00000000000045da       0x44 c:/program files/microchip/xc8/v2.36/avr/bin/../lib/gcc/avr/5.4.0/avr5/memx-const\libgcc.a(_udivmodsi4.o)
                0x00000000000045da                __udivmodsi4

.text.MPU6050_Init
                0x000000000000461e       0x42
 .text.MPU6050_Init
                0x000000000000461e       0x42 MPU6050/MPU6050.o
                0x000000000000461e                MPU6050_Init

.text.LCD_WriteString_8bits
                0x0000000000004660       0x40
 .text.LCD_WriteString_8bits
                0x0000000000004660       0x40 LCD/LCD.o
                0x0000000000004660                LCD_WriteString_8bits

.text.__pop_float
                0x00000000000046a0       0x40
 .text.__pop_float
                0x00000000000046a0       0x40 c:/program files/microchip/xc8/v2.36/avr/bin/../lib/gcc/avr/5.4.0/../../../../avr/lib/avr5/memx-const\libc.a(__pop_float.o)
                0x00000000000046a0                __pop_float_needed
                0x00000000000046a0                __pop_float

.text.MPU6050_ReadRegister
                0x00000000000046e0       0x3e
 .text.MPU6050_ReadRegister
                0x00000000000046e0       0x3e MPU6050/MPU6050.o
                0x00000000000046e0                MPU6050_ReadRegister

.text.ungetc    0x000000000000471e       0x3e
 .text.ungetc   0x000000000000471e       0x3e c:/program files/microchip/xc8/v2.36/avr/bin/../lib/gcc/avr/5.4.0/../../../../avr/lib/avr5/memx-const\libc.a(fgetc.o)
                0x000000000000471e                ungetc

.text.libgcc.builtins
                0x000000000000475c       0x3c
 .text.libgcc.builtins
                0x000000000000475c       0x3c c:/program files/microchip/xc8/v2.36/avr/bin/../lib/gcc/avr/5.4.0/avr5/memx-const\libgcc.a(_ashrdi3.o)
                0x000000000000475c                __ashrdi3
                0x0000000000004760                __lshrdi3

.text.writeTextUART
                0x0000000000004798       0x3a
 .text.writeTextUART
                0x0000000000004798       0x3a UART/UART.o
                0x0000000000004798                writeTextUART

.text.libgcc.prologue
                0x00000000000047d2       0x38
 .text.libgcc.prologue
                0x00000000000047d2       0x38 c:/program files/microchip/xc8/v2.36/avr/bin/../lib/gcc/avr/5.4.0/avr5/memx-const\libgcc.a(_prologue.o)
                0x00000000000047d2                __prologue_saves__

.text.libgcc.prologue
                0x000000000000480a       0x36
 .text.libgcc.prologue
                0x000000000000480a       0x36 c:/program files/microchip/xc8/v2.36/avr/bin/../lib/gcc/avr/5.4.0/avr5/memx-const\libgcc.a(_epilogue.o)
                0x000000000000480a                __epilogue_restores__

.text.memcpy    0x0000000000004840       0x32
 .text.memcpy   0x0000000000004840       0x32 c:/program files/microchip/xc8/v2.36/avr/bin/../lib/gcc/avr/5.4.0/../../../../avr/lib/avr5/memx-const\libc.a(memcpy.o)
                0x0000000000004840                memcpy

.text.__vfscanf
                0x0000000000004872       0x30
 .text.__vfscanf
                0x0000000000004872       0x30 c:/program files/microchip/xc8/v2.36/avr/bin/../lib/gcc/avr/5.4.0/../../../../avr/lib/avr5/memx-const\libc.a(__int_vfscanf.o)
                0x0000000000004872                __vfscanf

.text.__vfprintf
                0x00000000000048a2       0x30
 .text.__vfprintf
                0x00000000000048a2       0x30 c:/program files/microchip/xc8/v2.36/avr/bin/../lib/gcc/avr/5.4.0/../../../../avr/lib/avr5/memx-const\libc.a(__int_vfprintf.o)
                0x00000000000048a2                __vfprintf

.text.strlen    0x00000000000048d2       0x2c
 .text.strlen   0x00000000000048d2       0x2c c:/program files/microchip/xc8/v2.36/avr/bin/../lib/gcc/avr/5.4.0/../../../../avr/lib/avr5/memx-const\libc.a(strlen.o)
                0x00000000000048d2                strlen

.text.I2C_Master_Write
                0x00000000000048fe       0x28
 .text.I2C_Master_Write
                0x00000000000048fe       0x28 I2C/I2C.o
                0x00000000000048fe                I2C_Master_Write

.text.libgcc.div
                0x0000000000004926       0x28
 .text.libgcc.div
                0x0000000000004926       0x28 c:/program files/microchip/xc8/v2.36/avr/bin/../lib/gcc/avr/5.4.0/avr5/memx-const\libgcc.a(_divmodhi4.o)
                0x0000000000004926                _div
                0x0000000000004926                __divmodhi4

.text.libgcc.div
                0x000000000000494e       0x28
 .text.libgcc.div
                0x000000000000494e       0x28 c:/program files/microchip/xc8/v2.36/avr/bin/../lib/gcc/avr/5.4.0/avr5/memx-const\libgcc.a(_udivmodhi4.o)
                0x000000000000494e                __udivmodhi4

.text.isxdigit  0x0000000000004976       0x28
 .text.isxdigit
                0x0000000000004976       0x28 c:/program files/microchip/xc8/v2.36/avr/bin/../lib/gcc/avr/5.4.0/../../../../avr/lib/avr5/memx-const\libc.a(isxdigit.o)
                0x0000000000004976                isxdigit

.text.isalnum   0x000000000000499e       0x28
 .text.isalnum  0x000000000000499e       0x28 c:/program files/microchip/xc8/v2.36/avr/bin/../lib/gcc/avr/5.4.0/../../../../avr/lib/avr5/memx-const\libc.a(isalnum.o)
                0x000000000000499e                isalnum

.text.__wrap_sprintf
                0x00000000000049c6       0x26
 .text.__wrap_sprintf
                0x00000000000049c6       0x26 c:/program files/microchip/xc8/v2.36/avr/bin/../lib/gcc/avr/5.4.0/../../../../avr/lib/avr5/memx-const\libc.a(__sio_sprintf_doux.o)
                0x00000000000049c6                _sprintf_cdnopuxX

.text.serialShow
                0x00000000000049ec       0x24
 .text.serialShow
                0x00000000000049ec       0x24 UART/UART.o
                0x00000000000049ec                serialShow

.text           0x0000000000004a10       0x22
 .text          0x0000000000004a10       0x22 c:/program files/microchip/xc8/v2.36/avr/bin/../lib/gcc/avr/5.4.0/../../../../avr/lib/avr5/memx-const\libm.a(fp_round.o)
                0x0000000000004a10                __fp_round

.text.libgcc    0x0000000000004a32       0x20
 .text.libgcc   0x0000000000004a32       0x20 c:/program files/microchip/xc8/v2.36/avr/bin/../lib/gcc/avr/5.4.0/avr5/memx-const\libgcc.a(_negdi2.o)
                0x0000000000004a32                __negdi2

.text.libgcc.mul
                0x0000000000004a52       0x1e
 .text.libgcc.mul
                0x0000000000004a52       0x1e c:/program files/microchip/xc8/v2.36/avr/bin/../lib/gcc/avr/5.4.0/avr5/memx-const\libgcc.a(_umulhisi3.o)
                0x0000000000004a52                __umulhisi3

.text.I2C_Master_Read
                0x0000000000004a70       0x1c
 .text.I2C_Master_Read
                0x0000000000004a70       0x1c I2C/I2C.o
                0x0000000000004a70                I2C_Master_Read

.text.libgcc.div
                0x0000000000004a8c       0x1c
 .text.libgcc.div
                0x0000000000004a8c       0x1c c:/program files/microchip/xc8/v2.36/avr/bin/../lib/gcc/avr/5.4.0/avr5/memx-const\libgcc.a(_udivdi3.o)
                0x0000000000004a8c                __umoddi3
                0x0000000000004a90                __udivdi3
                0x0000000000004a92                __udivdi3_umoddi3

.text.libgcc    0x0000000000004aa8       0x1a
 .text.libgcc   0x0000000000004aa8       0x1a c:/program files/microchip/xc8/v2.36/avr/bin/../lib/gcc/avr/5.4.0/avr5/memx-const\libgcc.a(_movmemx.o)
                0x0000000000004aa8                __movmemx_qi
                0x0000000000004aaa                __movmemx_hi

.text.LCD_SetCursor_8bits
                0x0000000000004ac2       0x18
 .text.LCD_SetCursor_8bits
                0x0000000000004ac2       0x18 LCD/LCD.o
                0x0000000000004ac2                LCD_SetCursor_8bits

.text.__vsprintf
                0x0000000000004ada       0x18
 .text.__vsprintf
                0x0000000000004ada       0x18 c:/program files/microchip/xc8/v2.36/avr/bin/../lib/gcc/avr/5.4.0/../../../../avr/lib/avr5/memx-const\libc.a(__int_vsprintf.o)
                0x0000000000004ada                __vsprintf

.text.libgcc    0x0000000000004af2       0x18
 .text.libgcc   0x0000000000004af2       0x18 c:/program files/microchip/xc8/v2.36/avr/bin/../lib/gcc/avr/5.4.0/avr5/memx-const\libgcc.a(_cmpdi2_s8.o)
                0x0000000000004af2                __cmpdi2_s8

.text.exit      0x0000000000004b0a       0x16
 .text.exit     0x0000000000004b0a       0x16 c:/program files/microchip/xc8/v2.36/avr/bin/../lib/gcc/avr/5.4.0/../../../../avr/lib/avr5/memx-const\libc.a(exit.o)
                0x0000000000004b0a                exit

.text.memset    0x0000000000004b20       0x12
 .text.memset   0x0000000000004b20       0x12 c:/program files/microchip/xc8/v2.36/avr/bin/../lib/gcc/avr/5.4.0/../../../../avr/lib/avr5/memx-const\libc.a(memset.o)
                0x0000000000004b20                memset

.text.toupper   0x0000000000004b32       0x12
 .text.toupper  0x0000000000004b32       0x12 c:/program files/microchip/xc8/v2.36/avr/bin/../lib/gcc/avr/5.4.0/../../../../avr/lib/avr5/memx-const\libc.a(toupper.o)
                0x0000000000004b32                toupper

.text.libgcc.mul
                0x0000000000004b44       0x12
 .text.libgcc.mul
                0x0000000000004b44       0x12 c:/program files/microchip/xc8/v2.36/avr/bin/../lib/gcc/avr/5.4.0/avr5/memx-const\libgcc.a(_muldi3_6.o)
                0x0000000000004b44                __muldi3_6

.text.libgcc    0x0000000000004b56       0x12
 .text.libgcc   0x0000000000004b56       0x12 c:/program files/microchip/xc8/v2.36/avr/bin/../lib/gcc/avr/5.4.0/avr5/memx-const\libgcc.a(_adddi3.o)
                0x0000000000004b56                __adddi3

.text.libgcc    0x0000000000004b68       0x12
 .text.libgcc   0x0000000000004b68       0x12 c:/program files/microchip/xc8/v2.36/avr/bin/../lib/gcc/avr/5.4.0/avr5/memx-const\libgcc.a(_cmpdi2.o)
                0x0000000000004b68                __cmpdi2

.text.I2C_Master_Start
                0x0000000000004b7a       0x10
 .text.I2C_Master_Start
                0x0000000000004b7a       0x10 I2C/I2C.o
                0x0000000000004b7a                I2C_Master_Start

.text.I2C_Master_Stop
                0x0000000000004b8a       0x10
 .text.I2C_Master_Stop
                0x0000000000004b8a       0x10 I2C/I2C.o
                0x0000000000004b8a                I2C_Master_Stop

.text.tolower   0x0000000000004b9a       0x10
 .text.tolower  0x0000000000004b9a       0x10 c:/program files/microchip/xc8/v2.36/avr/bin/../lib/gcc/avr/5.4.0/../../../../avr/lib/avr5/memx-const\libc.a(tolower.o)
                0x0000000000004b9a                tolower

.text           0x0000000000004baa        0xe
 .text          0x0000000000004baa        0xe c:/program files/microchip/xc8/v2.36/avr/bin/../lib/gcc/avr/5.4.0/../../../../avr/lib/avr5/memx-const\libm.a(fixsfsi.o)
                0x0000000000004baa                __fixsfsi

.text           0x0000000000004bb8        0xe
 .text          0x0000000000004bb8        0xe c:/program files/microchip/xc8/v2.36/avr/bin/../lib/gcc/avr/5.4.0/../../../../avr/lib/avr5/memx-const\libm.a(fp_pscA.o)
                0x0000000000004bb8                __fp_pscA

.text           0x0000000000004bc6        0xe
 .text          0x0000000000004bc6        0xe c:/program files/microchip/xc8/v2.36/avr/bin/../lib/gcc/avr/5.4.0/../../../../avr/lib/avr5/memx-const\libm.a(fp_pscB.o)
                0x0000000000004bc6                __fp_pscB

.text           0x0000000000004bd4        0xe
 .text          0x0000000000004bd4        0xe c:/program files/microchip/xc8/v2.36/avr/bin/../lib/gcc/avr/5.4.0/../../../../avr/lib/avr5/memx-const\libm.a(fp_zero.o)
                0x0000000000004bd4                __fp_zero
                0x0000000000004bd6                __fp_szero

.text           0x0000000000004be2        0xc
 .text          0x0000000000004be2        0xc c:/program files/microchip/xc8/v2.36/avr/bin/../lib/gcc/avr/5.4.0/../../../../avr/lib/avr5/memx-const\libm.a(fp_inf.o)
                0x0000000000004be2                __fp_inf

.text.strtoll   0x0000000000004bee        0xc
 .text.strtoll  0x0000000000004bee        0xc c:/program files/microchip/xc8/v2.36/avr/bin/../lib/gcc/avr/5.4.0/../../../../avr/lib/avr5/memx-const\libc.a(strtoll.o)
                0x0000000000004bee                strtoll

.text.strtoull  0x0000000000004bfa        0xc
 .text.strtoull
                0x0000000000004bfa        0xc c:/program files/microchip/xc8/v2.36/avr/bin/../lib/gcc/avr/5.4.0/../../../../avr/lib/avr5/memx-const\libc.a(strtoull.o)
                0x0000000000004bfa                strtoull

.text           0x0000000000004c06        0x8
 .text          0x0000000000004c06        0x8 c:/program files/microchip/xc8/v2.36/avr/bin/../lib/gcc/avr/5.4.0/../../../../avr/lib/avr5/memx-const\libm.a(divsf3.o)
                0x0000000000004c06                __divsf3

.text           0x0000000000004c0e        0x8
 .text          0x0000000000004c0e        0x8 c:/program files/microchip/xc8/v2.36/avr/bin/../lib/gcc/avr/5.4.0/../../../../avr/lib/avr5/memx-const\libm.a(mulsf3.o)
                0x0000000000004c0e                __mulsf3

.text           0x0000000000004c16        0x6
 .text          0x0000000000004c16        0x6 c:/program files/microchip/xc8/v2.36/avr/bin/../lib/gcc/avr/5.4.0/../../../../avr/lib/avr5/memx-const\libm.a(fp_nan.o)
                0x0000000000004c16                __fp_nan

.text.__dummy_fmt4
                0x0000000000004c1c        0x6
 .text.__dummy_fmt4
                0x0000000000004c1c        0x6 c:/program files/microchip/xc8/v2.36/avr/bin/../lib/gcc/avr/5.4.0/../../../../avr/lib/avr5/memx-const\libc.a(__printf_core.o)
                0x0000000000004c1c                __fmt_fp
                0x0000000000004c1c                __fmt_a

.text.__dummy_scan
                0x0000000000004c22        0x6
 .text.__dummy_scan
                0x0000000000004c22        0x6 c:/program files/microchip/xc8/v2.36/avr/bin/../lib/gcc/avr/5.4.0/../../../../avr/lib/avr5/memx-const\libc.a(__scanf_core.o)
                0x0000000000004c22                __scan_fp
                0x0000000000004c22                __scan_a

.text           0x0000000000004c28        0x4
 .text          0x0000000000004c28        0x4 C:/Program Files (x86)/Atmel/Studio/7.0/Packs/atmel/ATmega_DFP/1.7.374/xc8/avr/lib/avr5/memx-const/crtatmega328p.o
                0x0000000000004c28                __vector_22
                0x0000000000004c28                __vector_1
                0x0000000000004c28                __vector_24
                0x0000000000004c28                __vector_12
                0x0000000000004c28                __bad_interrupt
                0x0000000000004c28                __vector_6
                0x0000000000004c28                __vector_3
                0x0000000000004c28                __vector_23
                0x0000000000004c28                __vector_25
                0x0000000000004c28                __vector_11
                0x0000000000004c28                __vector_13
                0x0000000000004c28                __vector_17
                0x0000000000004c28                __vector_19
                0x0000000000004c28                __vector_7
                0x0000000000004c28                __vector_5
                0x0000000000004c28                __vector_4
                0x0000000000004c28                __vector_9
                0x0000000000004c28                __vector_2
                0x0000000000004c28                __vector_21
                0x0000000000004c28                __vector_15
                0x0000000000004c28                __vector_8
                0x0000000000004c28                __vector_10
                0x0000000000004c28                __vector_16
                0x0000000000004c28                __vector_20

.text._Exit     0x0000000000004c2c        0x4
 .text._Exit    0x0000000000004c2c        0x4 c:/program files/microchip/xc8/v2.36/avr/bin/../lib/gcc/avr/5.4.0/../../../../avr/lib/avr5/memx-const\libc.a(_Exit.o)
                0x0000000000004c2c                _Exit

.text.__dummy_fini
                0x0000000000004c30        0x2
 .text.__dummy_fini
                0x0000000000004c30        0x2 c:/program files/microchip/xc8/v2.36/avr/bin/../lib/gcc/avr/5.4.0/../../../../avr/lib/avr5/memx-const\libc.a(exit.o)
                0x0000000000004c30                _fini

.text.__dummy_funcs_on_exit
                0x0000000000004c32        0x2
 .text.__dummy_funcs_on_exit
                0x0000000000004c32        0x2 c:/program files/microchip/xc8/v2.36/avr/bin/../lib/gcc/avr/5.4.0/../../../../avr/lib/avr5/memx-const\libc.a(exit.o)
                0x0000000000004c32                __funcs_on_exit

.text.__dummy_simulator_exit
                0x0000000000004c34        0x2
 .text.__dummy_simulator_exit
                0x0000000000004c34        0x2 c:/program files/microchip/xc8/v2.36/avr/bin/../lib/gcc/avr/5.4.0/../../../../avr/lib/avr5/memx-const\libc.a(exit.o)
                0x0000000000004c34                __simulator_exit

.data.UBRRValue
                0x0000000000800214       0x1e load address 0x0000000000004c36
 .data.UBRRValue
                0x0000000000800214       0x1e UART/UART.o
                0x0000000000800214                UBRRValue

.data._PortD7   0x0000000000800242        0x3 load address 0x0000000000004c54
 .data._PortD7  0x0000000000800242        0x3 LCD/IO_Settings/IO_Settings.o
                0x0000000000800242                _PortD7

.data._PortD6   0x0000000000800245        0x3 load address 0x0000000000004c57
 .data._PortD6  0x0000000000800245        0x3 LCD/IO_Settings/IO_Settings.o
                0x0000000000800245                _PortD6

.data._PortD5   0x0000000000800248        0x3 load address 0x0000000000004c5a
 .data._PortD5  0x0000000000800248        0x3 LCD/IO_Settings/IO_Settings.o
                0x0000000000800248                _PortD5

.data._PortD4   0x000000000080024b        0x3 load address 0x0000000000004c5d
 .data._PortD4  0x000000000080024b        0x3 LCD/IO_Settings/IO_Settings.o
                0x000000000080024b                _PortD4

.data._PortD3   0x000000000080024e        0x3 load address 0x0000000000004c60
 .data._PortD3  0x000000000080024e        0x3 LCD/IO_Settings/IO_Settings.o
                0x000000000080024e                _PortD3

.data._PortD2   0x0000000000800251        0x3 load address 0x0000000000004c63
 .data._PortD2  0x0000000000800251        0x3 LCD/IO_Settings/IO_Settings.o
                0x0000000000800251                _PortD2

.data._PortB3   0x0000000000800254        0x3 load address 0x0000000000004c66
 .data._PortB3  0x0000000000800254        0x3 LCD/IO_Settings/IO_Settings.o
                0x0000000000800254                _PortB3

.data._PortB2   0x0000000000800257        0x3 load address 0x0000000000004c69
 .data._PortB2  0x0000000000800257        0x3 LCD/IO_Settings/IO_Settings.o
                0x0000000000800257                _PortB2

.data._PortB1   0x000000000080025a        0x3 load address 0x0000000000004c6c
 .data._PortB1  0x000000000080025a        0x3 LCD/IO_Settings/IO_Settings.o
                0x000000000080025a                _PortB1

.data._PortB0   0x000000000080025d        0x3 load address 0x0000000000004c6f
 .data._PortB0  0x000000000080025d        0x3 LCD/IO_Settings/IO_Settings.o
                0x000000000080025d                _PortB0

.data.wifi      0x0000000000800265        0x1 load address 0x0000000000004c72
 .data.wifi     0x0000000000800265        0x1 main.o
                0x0000000000800265                wifi

.data.manual    0x0000000000800266        0x1 load address 0x0000000000004c73
 .data.manual   0x0000000000800266        0x1 main.o
                0x0000000000800266                manual
